<html><head><title>CV - Roy Nadiel Almada</title><link rel="icon" type="image/svg+xml" href="/pdf.svg"/><link rel="preconnect" href="https://fonts.googleapis.com"/><link rel="preconnect" href="https://fonts.gstatic.com"/><link href="https://fonts.googleapis.com/css2?family=Lora:ital,wght@0,400;0,500;0,600;0,700;1,400&amp;family=Inter:wght@400;500;600&amp;display=swap" rel="stylesheet"/><script type="module" src="/assets/main-QN1ZMgIZ.js"></script><link href="/assets/index-HLR_x4fq.css" rel="stylesheet"/></head><body><div id="root"><link rel="preload" as="image" href="./pdf.svg"/><div class="flex gap-x-0.5 fixed top-2 right-2 z-50 print:!hidden"><button class="bg-[#0082E6] brightness-[1.15] hover:brightness-105 text-white font-semibold py-2 px-4 rounded-lg shadow-md transition-all duration-200 flex items-center gap-2"><img width="18" height="18" src="./pdf.svg" alt="Download CV"/>Print PDF</button><button class="min-w-[90px] bg-[#0082E6] brightness-[1.15] hover:brightness-105 text-white font-semibold py-2 px-4 rounded-lg shadow-md transition-all duration-200 flex items-center gap-2
      "><svg xmlns="http://www.w3.org/2000/svg" width="24" height="24" viewBox="0 0 24 24" fill="none" stroke="currentColor" stroke-width="2" stroke-linecap="round" stroke-linejoin="round" class="lucide lucide-globe w-4 h-4"><circle cx="12" cy="12" r="10"></circle><path d="M12 2a14.5 14.5 0 0 0 0 20 14.5 14.5 0 0 0 0-20"></path><path d="M2 12h20"></path></svg>ESP</button><div class="relative inline-block"><button class="
        w-max bg-[#0082E6] brightness-[1.15] hover:brightness-105 text-white font-semibold py-2.5 px-4 rounded-lg shadow-md transition-all duration-200 flex items-center gap-2
        "><svg xmlns="http://www.w3.org/2000/svg" width="24" height="24" viewBox="0 0 24 24" fill="none" stroke="currentColor" stroke-width="2" stroke-linecap="round" stroke-linejoin="round" class="lucide lucide-pencil w-5 h-5" data-testid="pencil-icon"><path d="M21.174 6.812a1 1 0 0 0-3.986-3.987L3.842 16.174a2 2 0 0 0-.5.83l-1.321 4.352a.5.5 0 0 0 .623.622l4.353-1.32a2 2 0 0 0 .83-.497z"></path><path d="m15 5 4 4"></path></svg></button></div></div><div class="min-h-screen bg-gray-100 p-0 print:p-0 lg:p-8"><div class="cv-container w-full min-h-screen lg:min-h-0 lg:max-w-[8.5in] mx-auto bg-white shadow-none lg:shadow-2xl rounded-none lg:rounded-sm print:rounded-none print:shadow-none overflow-hidden"><div class="bg-white px-4 py-6 sm:px-8 sm:py-8 lg:px-14 lg:py-12 print:px-12 print:py-10 space-y-6"><header class="text-center space-y-2"><h1 class="text-2xl sm:text-3xl lg:text-4xl font-bold text-black tracking-tight">Roy Nadiel Almada</h1><p class="text-sm text-black tracking-widest uppercase">Software Developer</p><div class="flex flex-wrap justify-center items-center text-xs text-black gap-y-1 pt-1"><span>Venezuela, Isla de Margarita</span><span class="contact-separator"></span><a href="mailto:almadaroy19@gmail.com?subject=Inquiry&amp;body=Hello, I would like to contact you" class="text-[#004F90] hover:underline">almadaroy19@gmail.com</a><span class="contact-separator"></span><span>+58 412 195 1892</span><span class="contact-separator"></span><a href="https://roynadiel.github.io/" target="_blank" rel="noopener noreferrer" class="text-[#004F90] hover:underline">roynadiel.github.io</a><span class="contact-separator print:hidden"></span><a href="https://github.com/RoyNadiel" target="_blank" rel="noopener noreferrer" class="text-[#004F90] hover:underline print:hidden">GitHub</a><span class="contact-separator print:hidden"></span><a href="https://www.linkedin.com/in/roy-almada-397a19186/" target="_blank" rel="noopener noreferrer" class="text-[#004F90] hover:underline print:hidden">LinkedIn</a></div></header><section><div class="harvard-section-title"><span>PROFILE</span></div><p class="text-sm text-black leading-relaxed text-justify">Software Developer with 1+ year of experience building web applications using HTML, CSS, TailwindCSS, JavaScript, TypeScript React, Next.js(exploring) and Node.js. Skilled in Git and best development practices, focused on delivering efficient and scalable web solutions.</p></section><section class="space-y-4"><div class="harvard-section-title"><span>EXPERIENCE</span></div><div class="space-y-1"><div class="flex flex-col sm:flex-row sm:justify-between sm:items-baseline gap-x-4"><div class="text-black"><span class="font-bold">Personal Project</span><span>, <!-- -->Tasa Actual</span></div><span class="shrink-0 text-sm text-black font-medium">2025 - Present</span></div><p class="text-sm text-black italic leading-tight">Real-time currency conversion web application for the Venezuelan market.</p><ul class="list-none space-y-0.5 pl-4"><li class="text-sm text-black leading-relaxed flex items-start gap-2"><span class="mt-1 shrink-0">ÔÇó</span><span>Integration of real-time pricing API.</span></li><li class="text-sm text-black leading-relaxed flex items-start gap-2"><span class="mt-1 shrink-0">ÔÇó</span><span>Smooth and user-friendly shopping experience.</span></li><li class="text-sm text-black leading-relaxed flex items-start gap-2"><span class="mt-1 shrink-0">ÔÇó</span><span>State management and dynamic routing.</span></li><li class="text-sm text-black leading-relaxed flex items-start gap-2"><span class="mt-1 shrink-0">ÔÇó</span><span>Responsive design for mobile and desktop.</span></li></ul></div><div class="space-y-1"><div class="flex flex-col sm:flex-row sm:justify-between sm:items-baseline gap-x-4"><div class="text-black"><span class="font-bold">Personal Project</span><span>, <!-- -->Writting JS</span></div><span class="shrink-0 text-sm text-black font-medium">2025</span></div><p class="text-sm text-black italic leading-tight">JavaScript playground using Vanilla JS, Vite, Acorn, and Monaco Editor.</p><ul class="list-none space-y-0.5 pl-4"><li class="text-sm text-black leading-relaxed flex items-start gap-2"><span class="mt-1 shrink-0">ÔÇó</span><span>Integrating and customizing Monaco Editor.</span></li><li class="text-sm text-black leading-relaxed flex items-start gap-2"><span class="mt-1 shrink-0">ÔÇó</span><span>Parsing code with Acorn AST.</span></li><li class="text-sm text-black leading-relaxed flex items-start gap-2"><span class="mt-1 shrink-0">ÔÇó</span><span>Optimizing performance with Vite.</span></li><li class="text-sm text-black leading-relaxed flex items-start gap-2"><span class="mt-1 shrink-0">ÔÇó</span><span>Secure execution of user-generated code.</span></li></ul></div><div class="space-y-1"><div class="flex flex-col sm:flex-row sm:justify-between sm:items-baseline gap-x-4"><div class="text-black"><span class="font-bold">Personal Project</span><span>, <!-- -->Deshydrator (Deshi)</span></div><span class="shrink-0 text-sm text-black font-medium">2026 - Present</span></div><p class="text-sm text-black italic leading-tight">Web interface for controlling an electric dehydrator built around the Wemos D1 Mini microcontroller.</p><ul class="list-none space-y-0.5 pl-4"><li class="text-sm text-black leading-relaxed flex items-start gap-2"><span class="mt-1 shrink-0">ÔÇó</span><span>Communication between the ESP8266 microcontroller and the web interface.</span></li><li class="text-sm text-black leading-relaxed flex items-start gap-2"><span class="mt-1 shrink-0">ÔÇó</span><span>State management and temperature control.</span></li><li class="text-sm text-black leading-relaxed flex items-start gap-2"><span class="mt-1 shrink-0">ÔÇó</span><span>Implementation of local server via WI-FI.</span></li><li class="text-sm text-black leading-relaxed flex items-start gap-2"><span class="mt-1 shrink-0">ÔÇó</span><span>Intuitive and responsive user interface.</span></li></ul></div><div class="space-y-1"><div class="flex flex-col sm:flex-row sm:justify-between sm:items-baseline gap-x-4"><div class="text-black"><span class="font-bold">Personal Project</span><span>, <!-- -->Quote Creator</span></div><span class="shrink-0 text-sm text-black font-medium">2026 - Present</span></div><p class="text-sm text-black italic leading-tight">Interactive web platform for creating and customizing inspirational quotes.</p><ul class="list-none space-y-0.5 pl-4"><li class="text-sm text-black leading-relaxed flex items-start gap-2"><span class="mt-1 shrink-0">ÔÇó</span><span>Interactive quote customization with real-time preview.</span></li><li class="text-sm text-black leading-relaxed flex items-start gap-2"><span class="mt-1 shrink-0">ÔÇó</span><span>Integration of various font libraries via Google Fonts API and background options.</span></li><li class="text-sm text-black leading-relaxed flex items-start gap-2"><span class="mt-1 shrink-0">ÔÇó</span><span>Generation of high-quality quote images for sharing and aspect ratio design.</span></li><li class="text-sm text-black leading-relaxed flex items-start gap-2"><span class="mt-1 shrink-0">ÔÇó</span><span>Responsive design for a seamless user experience across all devices.</span></li></ul></div></section><section class="space-y-4"><div class="harvard-section-title"><span>EDUCATION</span></div><div class="space-y-4"><div class="space-y-0.5"><div class="flex flex-col sm:flex-row sm:justify-between sm:items-baseline gap-x-4"><div class="text-black"><span class="font-bold">Universidad de Oriente (UDO)</span><span>, <!-- -->Bachelor&#x27;s Degree in Computer Science</span></div><span class="shrink-0 text-sm text-black font-medium">2023 - Present</span></div><ul class="list-none pl-4"><li class="text-sm text-black leading-relaxed flex items-start gap-2"><span class="mt-1 shrink-0">ÔÇó</span><span>Completed coursework in programming, algorithms, databases, and software engineering.</span></li></ul></div><div class="space-y-0.5"><div class="flex flex-col sm:flex-row sm:justify-between sm:items-baseline gap-x-4"><div class="text-black"><span class="font-bold">U.E.N.B DR. Luis Ortega</span><span>, <!-- -->High School</span></div><span class="shrink-0 text-sm text-black font-medium">2011 - 2016</span></div><ul class="list-none pl-4"><li class="text-sm text-black leading-relaxed flex items-start gap-2"><span class="mt-1 shrink-0">ÔÇó</span><span>Graduated, Bachelor of Science</span></li></ul></div></div></section><section><div class="harvard-section-title"><span>SKILLS</span></div><div class="space-y-2 text-sm text-black"><p><span class="font-bold">Technical<!-- -->:</span> <!-- -->HTML, CSS, TailwindCSS, JavaScript, TypeScript, React, Next.js, Node.js, Hono, Express, Supabase, Git, SQL, REST APIs</p><p><span class="font-bold">Soft Skills<!-- -->:</span> <!-- -->Effective Communication, Leadership, Problem Solving, Teamwork, Adaptability, Continuous Learning, Time Management, Empathy</p><p><span class="font-bold">Languages<!-- -->:</span> <span>Spanish - Native</span><span>, <a href="https://cert.efset.org/en/4fxqHD" target="_blank" rel="noopener noreferrer" class="text-[#004F90] hover:underline">English - B2 Upper Intermediate</a></span></p></div></section></div></div></div></div></body></html>
